// Jest Snapshot v1, https://goo.gl/fbAQLP

exports[`SendQuoteModal matches snapshot 1`] = `
<div
  class="fixed inset-0 bg-black/40 flex items-center justify-center z-50"
>
  <div
    class="bg-white rounded-lg shadow-lg w-full max-w-md p-4"
  >
    <div
      class="flex items-center justify-between mb-2"
    >
      <h2
        class="text-lg font-medium"
      >
        View Quote
      </h2>
    </div>
    <div
      class="space-y-3 max-h-[60vh] overflow-y-auto"
    >
      <div
        class="flex flex-col gap-y-2 mb-2 text-sm"
      >
        <div>
          Quote #2025-4394
        </div>
        <div>
          July 22nd, 2025
        </div>
        <input
          class="border rounded p-1"
          placeholder="Description"
          type="text"
          value=""
        />
      </div>
      <label
        class="flex items-center gap-2 text-sm font-normal mb-2 border rounded p-2"
        for="service-fee"
      >
        <span
          class="flex-1"
        >
          Live Performance
           fee
        </span>
        <input
          class="w-24 border rounded p-1 text-left focus:outline-none focus:ring-2 focus:ring-brand"
          id="service-fee"
          inputmode="numeric"
          placeholder="Enter amount"
          type="number"
          value="0"
        />
      </label>
      <label
        class="flex items-center gap-2 text-sm font-normal mb-2 border rounded p-2"
        for="sound-fee"
      >
        <span
          class="flex-1"
        >
          Sound fee
        </span>
        <input
          class="w-24 border rounded p-1 text-left focus:outline-none focus:ring-2 focus:ring-brand"
          id="sound-fee"
          inputmode="numeric"
          placeholder="Enter amount"
          type="number"
          value="0"
        />
      </label>
      <label
        class="flex items-center gap-2 text-sm font-normal mb-2 border rounded p-2"
        for="travel-fee"
      >
        <span
          class="flex-1"
        >
          Travel fee
        </span>
        <input
          class="w-24 border rounded p-1 text-left focus:outline-none focus:ring-2 focus:ring-brand"
          id="travel-fee"
          inputmode="numeric"
          placeholder="Enter amount"
          type="number"
          value="0"
        />
      </label>
      <button
        aria-busy="false"
        class="inline-flex items-center justify-center rounded-md font-semibold focus:outline-none focus-visible:ring-2 focus-visible:ring-offset-2 disabled:opacity-50 transition-transform transition-colors active:scale-95 min-h-12 min-w-12 px-4 py-2 text-sm bg-white border border-gray-300 text-gray-800 hover:bg-gray-50 focus:ring-gray-300 text-sm"
        type="button"
      >
        <span
          class=""
        >
          Add Item
        </span>
      </button>
      <label
        class="flex flex-col text-sm font-normal"
        for="accommodation"
      >
        Accommodation (optional)
        <textarea
          class="w-full border rounded p-1 focus:outline-none focus:ring-2 focus:ring-brand"
          id="accommodation"
          placeholder="Optional: e.g. 500"
        />
      </label>
      <label
        class="flex items-center gap-2 text-sm font-normal mb-2"
        for="discount"
      >
        <span
          class="flex-1"
        >
          Discount (optional)
        </span>
        <input
          class="w-24 border rounded p-1 text-left focus:outline-none focus:ring-2 focus:ring-brand"
          id="discount"
          inputmode="numeric"
          placeholder="Optional: e.g. 500"
          type="number"
          value="0"
        />
      </label>
      <label
        class="flex flex-col text-sm font-normal"
        for="expires-hours"
      >
        Expires in
        <select
          class="w-full border rounded p-1 focus:outline-none focus:ring-2 focus:ring-brand"
          id="expires-hours"
        >
          <option
            value=""
          >
            No expiry
          </option>
          <option
            value="24"
          >
            1 day
          </option>
          <option
            value="72"
          >
            3 days
          </option>
          <option
            value="168"
          >
            7 days
          </option>
        </select>
      </label>
      <hr
        class="border-t my-2"
      />
      <div
        class="text-sm"
      >
        <span
          class="text-gray-500"
        >
          Subtotal: 
          R 0,00
        </span>
        <br />
        <span
          class="font-medium"
        >
          Total (after discount): 
          R 0,00
        </span>
      </div>
    </div>
    <div
      class="flex gap-2 mt-4"
    >
      <button
        aria-busy="false"
        class="inline-flex items-center justify-center rounded-md font-semibold focus:outline-none focus-visible:ring-2 focus-visible:ring-offset-2 disabled:opacity-50 transition-transform transition-colors active:scale-95 min-h-12 min-w-12 px-4 py-2 text-sm bg-white border border-gray-300 text-gray-800 hover:bg-gray-50 focus:ring-gray-300"
        type="button"
      >
        <span
          class=""
        >
          Cancel
        </span>
      </button>
      <button
        aria-busy="false"
        class="inline-flex items-center justify-center rounded-md font-semibold focus:outline-none focus-visible:ring-2 focus-visible:ring-offset-2 disabled:opacity-50 transition-transform transition-colors active:scale-95 min-h-12 min-w-12 px-4 py-2 text-sm bg-brand hover:bg-brand-dark text-white focus:ring-brand-dark"
        title="This quote will be sent to the client"
        type="button"
      >
        <span
          class=""
        >
          Submit Request
        </span>
      </button>
    </div>
  </div>
</div>
`;
